{
  "Logout": "Logout",
  "VERSION": "Version",
  "Room": "Room"
}
