{
  "Logout": "Ausloggen",
  "YESTERDAY": "Gestern",
  "TODAY": "Heute"
}
