{
  "Logout": "Logout",
  "VERSION": "Version",
  "Room": "Room",
  "YESTERDAY": "Yesterday",
  "TODAY": "Today"
}
