{
  "Logout": "logout",
  "VERSION": "versi√≥n",
  "Room": "lugar, with comma",
  "YESTERDAY": "Ayer"
}
